Downloading complete sample: WT_1 SRR2549634
  % Total    % Received % Xferd  Average Speed   Time    Time     Time  Current
                                 Dload  Upload   Total   Spent    Left  Speed

  0     0    0     0    0     0      0      0 --:--:-- --:--:-- --:--:--     0
  0     0    0     0    0     0      0      0 --:--:--  0:00:01 --:--:--     0
  0     0    0     0    0     0      0      0 --:--:--  0:00:02 --:--:--     0
  0     0    0     0    0     0      0      0 --:--:--  0:00:03 --:--:--     0
  0     0    0     0    0     0      0      0 --:--:--  0:00:04 --:--:--     0
  0     0    0     0    0     0      0      0 --:--:--  0:00:05 --:--:--     0
  0  195M    0  7747    0     0   1295      0 44:01:06  0:00:05 44:01:01  1584
  2  195M    2 4999k    0     0   772k      0  0:04:19  0:00:06  0:04:13 1147k
  7  195M    7 15.0M    0     0  2060k      0  0:01:37  0:00:07  0:01:30 3541k
 12  195M   12 25.2M    0     0  3049k      0  0:01:05  0:00:08  0:00:57 5959k
 17  195M   17 34.8M    0     0  3770k      0  0:00:53  0:00:09  0:00:44 8266k
 22  195M   22 44.4M    0     0  4352k      0  0:00:46  0:00:10  0:00:36  9.9M
 28  195M   28 55.1M    0     0  4926k      0  0:00:40  0:00:11  0:00:29 10.0M
 33  195M   33 65.7M    0     0  5396k      0  0:00:37  0:00:12  0:00:25 10.1M
 38  195M   38 76.0M    0     0  5782k      0  0:00:34  0:00:13  0:00:21 10.1M
 44  195M   44 86.4M    0     0  6117k      0  0:00:32  0:00:14  0:00:18 10.3M
 49  195M   49 96.7M    0     0  6401k      0  0:00:31  0:00:15  0:00:16 10.4M
 54  195M   54  106M    0     0  6650k      0  0:00:30  0:00:16  0:00:14 10.3M
 57  195M   57  112M    0     0  6597k      0  0:00:30  0:00:17  0:00:13 9570k
 62  195M   62  122M    0     0  6800k      0  0:00:29  0:00:18  0:00:11 9542k
 67  195M   67  131M    0     0  6870k      0  0:00:29  0:00:19  0:00:10 9018k
 71  195M   71  140M    0     0  7020k      0  0:00:28  0:00:20  0:00:08 8934k
 83  195M   83  163M    0     0  7787k      0  0:00:25  0:00:21  0:00:04 11.2M
 92  195M   92  181M    0     0  8286k      0  0:00:24  0:00:22  0:00:02 13.9M
100  195M  100  195M    0     0  8661k      0  0:00:23  0:00:23 --:--:-- 15.6M
Downloading complete sample: WT_2 SRR2549635
  % Total    % Received % Xferd  Average Speed   Time    Time     Time  Current
                                 Dload  Upload   Total   Spent    Left  Speed

  0     0    0     0    0     0      0      0 --:--:-- --:--:-- --:--:--     0
  0  359M    0 3593k    0     0  4140k      0  0:01:28 --:--:--  0:01:28 4139k
  3  359M    3 12.6M    0     0  6945k      0  0:00:53  0:00:01  0:00:52 6945k
  6  359M    6 22.1M    0     0  7921k      0  0:00:46  0:00:02  0:00:44 7921k
  8  359M    8 31.8M    0     0  8439k      0  0:00:43  0:00:03  0:00:40 8439k
 11  359M   11 41.5M    0     0  8734k      0  0:00:42  0:00:04  0:00:38 8735k
 14  359M   14 51.0M    0     0  8913k      0  0:00:41  0:00:05  0:00:36 9742k
 16  359M   16 60.1M    0     0  8975k      0  0:00:41  0:00:06  0:00:35 9732k
 19  359M   19 69.1M    0     0  8914k      0  0:00:41  0:00:07  0:00:34 9474k
 20  359M   20 72.9M    0     0  8096k      0  0:00:45  0:00:09  0:00:36 7850k
 21  359M   21 77.6M    0     0  8001k      0  0:00:46  0:00:09  0:00:37 7297k
 24  359M   24 89.4M    0     0  8423k      0  0:00:43  0:00:10  0:00:33 7851k
 27  359M   27 99.1M    0     0  8552k      0  0:00:43  0:00:11  0:00:32 7973k
 30  359M   30  108M    0     0  8654k      0  0:00:42  0:00:12  0:00:30 8234k
 32  359M   32  116M    0     0  8608k      0  0:00:42  0:00:13  0:00:29 9629k
 34  359M   34  123M    0     0  8459k      0  0:00:43  0:00:14  0:00:29 9369k
 37  359M   37  134M    0     0  8680k      0  0:00:42  0:00:15  0:00:27 9237k
 40  359M   40  144M    0     0  8791k      0  0:00:41  0:00:16  0:00:25 9360k
 43  359M   43  154M    0     0  8884k      0  0:00:41  0:00:17  0:00:24 9478k
 45  359M   45  165M    0     0  8962k      0  0:00:41  0:00:18  0:00:23 9946k
 48  359M   48  175M    0     0  9026k      0  0:00:40  0:00:19  0:00:21 10.4M
 51  359M   51  185M    0     0  9082k      0  0:00:40  0:00:20  0:00:20 10.1M
 54  359M   54  195M    0     0  9156k      0  0:00:40  0:00:21  0:00:19 10.1M
 57  359M   57  205M    0     0  9200k      0  0:00:40  0:00:22  0:00:18 10.0M
 59  359M   59  215M    0     0  9239k      0  0:00:39  0:00:23  0:00:16 10.0M
 62  359M   62  225M    0     0  9267k      0  0:00:39  0:00:24  0:00:15  9.9M
 65  359M   65  235M    0     0  9306k      0  0:00:39  0:00:25  0:00:14 10.0M
 68  359M   68  244M    0     0  9335k      0  0:00:39  0:00:26  0:00:13  9.8M
 70  359M   70  254M    0     0  9359k      0  0:00:39  0:00:27  0:00:12  9.8M
 73  359M   73  263M    0     0  9319k      0  0:00:39  0:00:28  0:00:11 9702k
 76  359M   76  275M    0     0  9442k      0  0:00:39  0:00:29  0:00:10 10.0M
 79  359M   79  287M    0     0  9546k      0  0:00:38  0:00:30  0:00:08 10.5M
 84  359M   84  302M    0     0  9698k      0  0:00:37  0:00:31  0:00:06 11.3M
 87  359M   87  315M    0     0  9813k      0  0:00:37  0:00:32  0:00:05 12.0M
 92  359M   92  332M    0     0   9.8M      0  0:00:36  0:00:33  0:00:03 14.1M
 96  359M   96  346M    0     0   9.9M      0  0:00:36  0:00:34  0:00:02 14.1M
100  359M  100  359M    0     0  10.0M      0  0:00:35  0:00:35 --:--:-- 14.3M
100  359M  100  359M    0     0  10.0M      0  0:00:35  0:00:35 --:--:-- 14.4M
Downloading complete sample: WT_3 SRR2549636
  % Total    % Received % Xferd  Average Speed   Time    Time     Time  Current
                                 Dload  Upload   Total   Spent    Left  Speed

  0     0    0     0    0     0      0      0 --:--:-- --:--:-- --:--:--     0
  0  378M    0  7746    0     0  14136      0  7:47:57 --:--:--  7:47:57 14135
  2  378M    2 8382k    0     0  5912k      0  0:01:05  0:00:01  0:01:04 5911k
  4  378M    4 18.1M    0     0  7378k      0  0:00:52  0:00:02  0:00:50 7378k
  7  378M    7 27.0M    0     0  8099k      0  0:00:47  0:00:03  0:00:44 8100k
  9  378M    9 36.4M    0     0  8456k      0  0:00:45  0:00:04  0:00:41 8457k
 12  378M   12 45.9M    0     0  8684k      0  0:00:44  0:00:05  0:00:39 9658k
 14  378M   14 55.6M    0     0  8880k      0  0:00:43  0:00:06  0:00:37 9722k
 17  378M   17 64.9M    0     0  8968k      0  0:00:43  0:00:07  0:00:36 9784k
 19  378M   19 74.6M    0     0  9070k      0  0:00:42  0:00:08  0:00:34 9734k
 22  378M   22 84.1M    0     0  9148k      0  0:00:42  0:00:09  0:00:33 9760k
 24  378M   24 94.4M    0     0  9278k      0  0:00:41  0:00:10  0:00:31 9922k
 27  378M   27  103M    0     0  9318k      0  0:00:41  0:00:11  0:00:30 9882k
 30  378M   30  113M    0     0  9382k      0  0:00:41  0:00:12  0:00:29 9998k
 32  378M   32  123M    0     0  9461k      0  0:00:40  0:00:13  0:00:27  9.8M
 35  378M   35  134M    0     0  9540k      0  0:00:40  0:00:14  0:00:26 10.0M
 38  378M   38  144M    0     0  9590k      0  0:00:40  0:00:15  0:00:25 10.0M
 40  378M   40  154M    0     0  9649k      0  0:00:40  0:00:16  0:00:24 10.1M
 43  378M   43  164M    0     0  9645k      0  0:00:40  0:00:17  0:00:23 10.0M
 45  378M   45  172M    0     0  9595k      0  0:00:40  0:00:18  0:00:22 9956k
 48  378M   48  181M    0     0  9412k      0  0:00:41  0:00:19  0:00:22 9069k
 49  378M   49  187M    0     0  9386k      0  0:00:41  0:00:20  0:00:21 8757k
 52  378M   52  198M    0     0  9477k      0  0:00:40  0:00:21  0:00:19 8913k
 55  378M   55  208M    0     0  9538k      0  0:00:40  0:00:22  0:00:18 9163k
 57  378M   57  218M    0     0  9542k      0  0:00:40  0:00:23  0:00:17 9351k
 60  378M   60  228M    0     0  9566k      0  0:00:40  0:00:24  0:00:16  9.9M
 62  378M   62  237M    0     0  9567k      0  0:00:40  0:00:25  0:00:15 10.0M
 65  378M   65  248M    0     0  9625k      0  0:00:40  0:00:26  0:00:14 10.0M
 68  378M   68  258M    0     0  9671k      0  0:00:40  0:00:27  0:00:13 10.0M
 71  378M   71  269M    0     0  9698k      0  0:00:39  0:00:28  0:00:11 10.1M
 73  378M   73  279M    0     0  9727k      0  0:00:39  0:00:29  0:00:10 10.2M
 76  378M   76  289M    0     0  9753k      0  0:00:39  0:00:30  0:00:09 10.4M
 79  378M   79  300M    0     0  9787k      0  0:00:39  0:00:31  0:00:08 10.3M
 81  378M   81  310M    0     0  9795k      0  0:00:39  0:00:32  0:00:07 10.2M
 84  378M   84  319M    0     0  9793k      0  0:00:39  0:00:33  0:00:06 10.0M
 87  378M   87  329M    0     0  9799k      0  0:00:39  0:00:34  0:00:05  9.9M
 89  378M   89  338M    0     0  9788k      0  0:00:39  0:00:35  0:00:04  9.7M
 91  378M   91  348M    0     0  9786k      0  0:00:39  0:00:36  0:00:03 9785k
 94  378M   94  358M    0     0  9800k      0  0:00:39  0:00:37  0:00:02 9830k
 97  378M   97  368M    0     0  9828k      0  0:00:39  0:00:38  0:00:01  9.8M
 99  378M   99  378M    0     0  9817k      0  0:00:39  0:00:39 --:--:-- 9943k
100  378M  100  378M    0     0  9813k      0  0:00:39  0:00:39 --:--:--  9.8M
Downloading complete sample: sec66del_1 SRR2549637
  % Total    % Received % Xferd  Average Speed   Time    Time     Time  Current
                                 Dload  Upload   Total   Spent    Left  Speed

  0     0    0     0    0     0      0      0 --:--:-- --:--:-- --:--:--     0
  0  367M    0  601k    0     0   746k      0  0:08:24 --:--:--  0:08:24  746k
  2  367M    2 10.7M    0     0  6109k      0  0:01:01  0:00:01  0:01:00 6107k
  5  367M    5 20.2M    0     0  7406k      0  0:00:50  0:00:02  0:00:48 7405k
  8  367M    8 29.8M    0     0  8031k      0  0:00:46  0:00:03  0:00:43 8030k
 10  367M   10 39.7M    0     0  8474k      0  0:00:44  0:00:04  0:00:40 8474k
 13  367M   13 49.3M    0     0  8690k      0  0:00:43  0:00:05  0:00:38 9968k
 16  367M   16 59.3M    0     0  8932k      0  0:00:42  0:00:06  0:00:36 9948k
 18  367M   18 68.7M    0     0  9024k      0  0:00:41  0:00:07  0:00:34 9930k
 21  367M   21 79.0M    0     0  9195k      0  0:00:40  0:00:08  0:00:32  9.8M
 24  367M   24 89.1M    0     0  9315k      0  0:00:40  0:00:09  0:00:31  9.8M
 26  367M   26 99.1M    0     0  9400k      0  0:00:40  0:00:10  0:00:30  9.9M
 29  367M   29  109M    0     0  9480k      0  0:00:39  0:00:11  0:00:28  9.9M
 32  367M   32  119M    0     0  9539k      0  0:00:39  0:00:12  0:00:27 10.1M
 35  367M   35  129M    0     0  9636k      0  0:00:39  0:00:13  0:00:26 10.1M
 38  367M   38  140M    0     0  9701k      0  0:00:38  0:00:14  0:00:24 10.2M
 40  367M   40  150M    0     0  9741k      0  0:00:38  0:00:15  0:00:23 10.2M
 43  367M   43  160M    0     0  9779k      0  0:00:38  0:00:16  0:00:22 10.2M
 46  367M   46  170M    0     0  9810k      0  0:00:38  0:00:17  0:00:21 10.2M
 49  367M   49  180M    0     0  9822k      0  0:00:38  0:00:18  0:00:20 10.0M
 51  367M   51  190M    0     0  9847k      0  0:00:38  0:00:19  0:00:19 10.0M
 54  367M   54  201M    0     0  9902k      0  0:00:38  0:00:20  0:00:18 10.1M
 57  367M   57  212M    0     0  9962k      0  0:00:37  0:00:21  0:00:16 10.3M
 60  367M   60  223M    0     0   9.7M      0  0:00:37  0:00:22  0:00:15 10.5M
 63  367M   63  233M    0     0   9.7M      0  0:00:37  0:00:23  0:00:14 10.5M
 66  367M   66  243M    0     0   9.8M      0  0:00:37  0:00:24  0:00:13 10.6M
 69  367M   69  253M    0     0   9.8M      0  0:00:37  0:00:25  0:00:12 10.5M
 72  367M   72  265M    0     0   9.8M      0  0:00:37  0:00:26  0:00:11 10.5M
 75  367M   75  275M    0     0   9.9M      0  0:00:37  0:00:27  0:00:10 10.5M
 77  367M   77  286M    0     0   9.9M      0  0:00:36  0:00:28  0:00:08 10.7M
 80  367M   80  297M    0     0   9.9M      0  0:00:36  0:00:29  0:00:07 10.8M
 83  367M   83  308M    0     0  10.0M      0  0:00:36  0:00:30  0:00:06 10.9M
 86  367M   86  319M    0     0  10.0M      0  0:00:36  0:00:31  0:00:05 10.8M
 89  367M   89  329M    0     0  10.0M      0  0:00:36  0:00:32  0:00:04 10.7M
 92  367M   92  339M    0     0  10.0M      0  0:00:36  0:00:33  0:00:03 10.5M
 95  367M   95  350M    0     0  10.0M      0  0:00:36  0:00:34  0:00:02 10.4M
 97  367M   97  359M    0     0  10.0M      0  0:00:36  0:00:35  0:00:01 10.2M
100  367M  100  367M    0     0  10.0M      0  0:00:36  0:00:36 --:--:--  9.9M
Downloading complete sample: sec66del_2 SRR2549638
  % Total    % Received % Xferd  Average Speed   Time    Time     Time  Current
                                 Dload  Upload   Total   Spent    Left  Speed

  0     0    0     0    0     0      0      0 --:--:-- --:--:-- --:--:--     0
  0  390M    0 1288k    0     0  1968k      0  0:03:23 --:--:--  0:03:23 1970k
  2  390M    2 11.4M    0     0  7058k      0  0:00:56  0:00:01  0:00:55 7061k
  5  390M    5 21.7M    0     0  8380k      0  0:00:47  0:00:02  0:00:45 8379k
  8  390M    8 31.7M    0     0  8886k      0  0:00:45  0:00:03  0:00:42 8886k
 10  390M   10 41.7M    0     0  9187k      0  0:00:43  0:00:04  0:00:39 9187k
 13  390M   13 51.7M    0     0  9369k      0  0:00:42  0:00:05  0:00:37 10.0M
 15  390M   15 61.7M    0     0  9490k      0  0:00:42  0:00:06  0:00:36 10.0M
 18  390M   18 71.7M    0     0  9592k      0  0:00:41  0:00:07  0:00:34  9.9M
 20  390M   20 81.8M    0     0  9677k      0  0:00:41  0:00:08  0:00:33 10.0M
 23  390M   23 90.6M    0     0  9413k      0  0:00:42  0:00:09  0:00:33 9616k
 25  390M   25 98.3M    0     0  9450k      0  0:00:42  0:00:10  0:00:32 9540k
 27  390M   27  108M    0     0  9498k      0  0:00:42  0:00:11  0:00:31 9507k
 30  390M   30  118M    0     0  9564k      0  0:00:41  0:00:12  0:00:29 9522k
 32  390M   32  128M    0     0  9611k      0  0:00:41  0:00:13  0:00:28 9496k
 35  390M   35  138M    0     0  9676k      0  0:00:41  0:00:14  0:00:27  9.9M
 38  390M   38  148M    0     0  9744k      0  0:00:41  0:00:15  0:00:26 10.1M
 40  390M   40  158M    0     0  9769k      0  0:00:40  0:00:16  0:00:24 10.1M
 43  390M   43  168M    0     0  9784k      0  0:00:40  0:00:17  0:00:23 10.0M
 45  390M   45  178M    0     0  9793k      0  0:00:40  0:00:18  0:00:22 10.0M
 48  390M   48  188M    0     0  9834k      0  0:00:40  0:00:19  0:00:21 10.0M
 50  390M   50  198M    0     0  9862k      0  0:00:40  0:00:20  0:00:20  9.9M
 53  390M   53  208M    0     0  9881k      0  0:00:40  0:00:21  0:00:19 10.0M
 55  390M   55  218M    0     0  9878k      0  0:00:40  0:00:22  0:00:18  9.9M
 58  390M   58  228M    0     0  9888k      0  0:00:40  0:00:23  0:00:17 10.0M
 61  390M   61  238M    0     0  9911k      0  0:00:40  0:00:24  0:00:16  9.9M
 63  390M   63  248M    0     0  9928k      0  0:00:40  0:00:25  0:00:15  9.9M
 66  390M   66  258M    0     0  9937k      0  0:00:40  0:00:26  0:00:14  9.9M
 69  390M   69  273M    0     0   9.8M      0  0:00:39  0:00:27  0:00:12 10.8M
 74  390M   74  290M    0     0  10.1M      0  0:00:38  0:00:28  0:00:10 12.3M
 78  390M   78  307M    0     0  10.3M      0  0:00:37  0:00:29  0:00:08 13.5M
 83  390M   83  326M    0     0  10.6M      0  0:00:36  0:00:30  0:00:06 15.4M
 85  390M   85  334M    0     0  10.5M      0  0:00:36  0:00:31  0:00:05 15.2M
 90  390M   90  353M    0     0  10.8M      0  0:00:36  0:00:32  0:00:04 16.1M
 95  390M   95  373M    0     0  11.0M      0  0:00:35  0:00:33  0:00:02 16.5M
100  390M  100  390M    0     0  11.3M      0  0:00:34  0:00:34 --:--:-- 17.2M
Downloading complete sample: sec66del_3 SRR2549639
  % Total    % Received % Xferd  Average Speed   Time    Time     Time  Current
                                 Dload  Upload   Total   Spent    Left  Speed

  0     0    0     0    0     0      0      0 --:--:-- --:--:-- --:--:--     0
  0  364M    0  7746    0     0   9369      0 11:20:37 --:--:-- 11:20:37  9366
  2  364M    2 7882k    0     0  4763k      0  0:01:18  0:00:01  0:01:17 4762k
  4  364M    4 17.0M    0     0  6556k      0  0:00:56  0:00:02  0:00:54 6554k
  7  364M    7 26.4M    0     0  7407k      0  0:00:50  0:00:03  0:00:47 7406k
 10  364M   10 36.8M    0     0  8100k      0  0:00:46  0:00:04  0:00:42 8101k
 12  364M   12 46.6M    0     0  8438k      0  0:00:44  0:00:05  0:00:39 9880k
 15  364M   15 56.6M    0     0  8711k      0  0:00:42  0:00:06  0:00:36  9.7M
 18  364M   18 66.5M    0     0  8904k      0  0:00:41  0:00:07  0:00:34  9.9M
 20  364M   20 76.1M    0     0  9014k      0  0:00:41  0:00:08  0:00:33  9.9M
 23  364M   23 86.0M    0     0  9127k      0  0:00:40  0:00:09  0:00:31  9.8M
 26  364M   26 96.0M    0     0  9230k      0  0:00:40  0:00:10  0:00:30  9.8M
 28  364M   28  105M    0     0  9289k      0  0:00:40  0:00:11  0:00:29  9.8M
 31  364M   31  115M    0     0  9342k      0  0:00:39  0:00:12  0:00:27  9.7M
 34  364M   34  125M    0     0  9395k      0  0:00:39  0:00:13  0:00:26  9.8M
 36  364M   36  134M    0     0  9397k      0  0:00:39  0:00:14  0:00:25 9917k
 39  364M   39  143M    0     0  9387k      0  0:00:39  0:00:15  0:00:24 9723k
 42  364M   42  153M    0     0  9421k      0  0:00:39  0:00:16  0:00:23 9727k
 44  364M   44  163M    0     0  9437k      0  0:00:39  0:00:17  0:00:22 9678k
 47  364M   47  173M    0     0  9515k      0  0:00:39  0:00:18  0:00:21 9843k
 50  364M   50  182M    0     0  9514k      0  0:00:39  0:00:19  0:00:20 9857k
 52  364M   52  192M    0     0  9515k      0  0:00:39  0:00:20  0:00:19 9911k
 55  364M   55  201M    0     0  9549k      0  0:00:39  0:00:21  0:00:18 9977k
 57  364M   57  211M    0     0  9548k      0  0:00:39  0:00:22  0:00:17 9942k
 60  364M   60  220M    0     0  9541k      0  0:00:39  0:00:23  0:00:16 9639k
 63  364M   63  230M    0     0  9565k      0  0:00:39  0:00:24  0:00:15 9767k
 65  364M   65  240M    0     0  9584k      0  0:00:38  0:00:25  0:00:13 9878k
 68  364M   68  250M    0     0  9606k      0  0:00:38  0:00:26  0:00:12 9854k
 71  364M   71  259M    0     0  9626k      0  0:00:38  0:00:27  0:00:11 9981k
 73  364M   73  269M    0     0  9637k      0  0:00:38  0:00:28  0:00:10  9.8M
 76  364M   76  279M    0     0  9665k      0  0:00:38  0:00:29  0:00:09  9.9M
 79  364M   79  290M    0     0  9703k      0  0:00:38  0:00:30  0:00:08 10.0M
 82  364M   82  300M    0     0  9709k      0  0:00:38  0:00:31  0:00:07 10.0M
 84  364M   84  310M    0     0  9724k      0  0:00:38  0:00:32  0:00:06 10.0M
 87  364M   87  320M    0     0  9737k      0  0:00:38  0:00:33  0:00:05 10.0M
 90  364M   90  330M    0     0  9760k      0  0:00:38  0:00:34  0:00:04 10.0M
 93  364M   93  340M    0     0  9765k      0  0:00:38  0:00:35  0:00:03  9.9M
 95  364M   95  349M    0     0  9771k      0  0:00:38  0:00:36  0:00:02  9.9M
 98  364M   98  359M    0     0  9771k      0  0:00:38  0:00:37  0:00:01  9.8M
100  364M  100  364M    0     0  9769k      0  0:00:38  0:00:38 --:--:--  9.7M
  % Total    % Received % Xferd  Average Speed   Time    Time     Time  Current
                                 Dload  Upload   Total   Spent    Left  Speed

  0     0    0     0    0     0      0      0 --:--:-- --:--:-- --:--:--     0
 12 3695k   12  468k    0     0  2944k      0  0:00:01 --:--:--  0:00:01 2946k
100 3695k  100 3695k    0     0  9214k      0 --:--:-- --:--:-- --:--:-- 9215k
  % Total    % Received % Xferd  Average Speed   Time    Time     Time  Current
                                 Dload  Upload   Total   Spent    Left  Speed

  0     0    0     0    0     0      0      0 --:--:-- --:--:-- --:--:--     0
100  581k  100  581k    0     0  4248k      0 --:--:-- --:--:-- --:--:-- 4275k
All downloads verified. FASTQs were not subsampled.
