Settings:
  Output files: "reference/genome.*.ht2"
  Line rate: 7 (line is 128 bytes)
  Lines per side: 1 (side is 128 bytes)
  Offset rate: 4 (one in 16)
  FTable chars: 10
  Strings: unpacked
  Local offset rate: 3 (one in 8)
  Local fTable chars: 6
  Local sequence length: 57344
  Local sequence overlap between two consecutive indexes: 1024
  Endianness: little
  Actual local endianness: little
  Sanity checking: disabled
  Assertions: disabled
  Random seed: 0
  Sizeofs: void*:8, int:4, long:8, size_t:8
Input files DNA, FASTA:
  reference/genome.fa
Reading reference sizes
  Time reading reference sizes: 00:00:00
Calculating joined length
Writing header
Reserving space for joined string
Joining reference sequences
  Time to join reference sequences: 00:00:00
  Time to read SNPs and splice sites: 00:00:02
Generation 0 (12157398 -> 12157398 nodes, 0 ranks)
COUNTED NEW NODES: 0
COUNTED TEMP NODES: 0
RESIZED NODES: 0
RESIZED NODES: 0
MADE NEW NODES: 0
Generation 1 (12157689 -> 12157689 nodes, 0 ranks)
COUNTED NEW NODES: 0
COUNTED TEMP NODES: 0
RESIZED NODES: 0
RESIZED NODES: 0
MADE NEW NODES: 0
Generation 2 (12158271 -> 12158271 nodes, 0 ranks)
COUNTED NEW NODES: 0
COUNTED TEMP NODES: 0
RESIZED NODES: 0
RESIZED NODES: 0
MADE NEW NODES: 0
Generation 3 (12159435 -> 12159435 nodes, 0 ranks)
BUILT FROM_INDEX: 0
COUNTED NEW NODES: 0
COUNTED TEMP NODES: 0
RESIZED NODES: 0
RESIZED NODES: 0
MADE NEW NODES: 0
RESIZE NODES: 0
COUNT NUMBER IN EACH BIN: 0
FINISHED FIRST ROUND: 0
66 4179023
89 4009987
211 3972755
FINISHED RECURSIVE SORTS: 1
SORT NODES: 1
MERGE, UPDATE RANK: 0
Generation 4 (12161765 -> 12160187 nodes, 11481782 ranks)
ALLOCATE FROM_TABLE: 0
COUNT NUMBER IN EACH BIN: 0
FINISHED FIRST ROUND: 1
124 4064315
124 4064188
124 4031684
FINISHED RECURSIVE SORTS: 0
BUILD TABLE: 1
BUILD INDEX: 0
COUNTED NEW NODES: 0
COUNTED TEMP NODES: 0
RESIZED NODES: 0
RESIZED NODES: 0
MADE NEW NODES: 0
MERGEUPDATERANK: 0
TOTAL TIME: 1
Generation 5 (12160375 -> 12160285 nodes, 11668253 ranks)
ALLOCATE FROM_TABLE: 0
COUNT NUMBER IN EACH BIN: 0
FINISHED FIRST ROUND: 0
124 4064336
124 4064224
124 4031725
FINISHED RECURSIVE SORTS: 0
BUILD TABLE: 0
BUILD INDEX: 0
COUNTED NEW NODES: 0
COUNTED TEMP NODES: 0
RESIZED NODES: 0
RESIZED NODES: 0
MADE NEW NODES: 0
MERGEUPDATERANK: 0
TOTAL TIME: 0
Generation 6 (12160419 -> 12160357 nodes, 11740700 ranks)
ALLOCATE FROM_TABLE: 0
COUNT NUMBER IN EACH BIN: 0
FINISHED FIRST ROUND: 1
124 4064357
124 4064275
124 4031725
FINISHED RECURSIVE SORTS: 0
BUILD TABLE: 1
BUILD INDEX: 0
COUNTED NEW NODES: 0
COUNTED TEMP NODES: 0
RESIZED NODES: 0
RESIZED NODES: 0
MADE NEW NODES: 0
MERGEUPDATERANK: 0
TOTAL TIME: 1
Generation 7 (12160500 -> 12160403 nodes, 11816159 ranks)
ALLOCATE FROM_TABLE: 0
COUNT NUMBER IN EACH BIN: 0
FINISHED FIRST ROUND: 0
124 4064411
124 4064280
124 4031712
FINISHED RECURSIVE SORTS: 0
BUILD TABLE: 0
BUILD INDEX: 0
COUNTED NEW NODES: 0
COUNTED TEMP NODES: 0
RESIZED NODES: 0
RESIZED NODES: 0
MADE NEW NODES: 0
MERGEUPDATERANK: 0
TOTAL TIME: 0
Generation 8 (12160487 -> 12160427 nodes, 11897376 ranks)
ALLOCATE FROM_TABLE: 0
COUNT NUMBER IN EACH BIN: 0
FINISHED FIRST ROUND: 0
124 4064439
124 4064280
124 4031708
FINISHED RECURSIVE SORTS: 1
BUILD TABLE: 1
BUILD INDEX: 0
COUNTED NEW NODES: 0
COUNTED TEMP NODES: 0
RESIZED NODES: 0
RESIZED NODES: 0
MADE NEW NODES: 0
MERGEUPDATERANK: 0
TOTAL TIME: 1
Generation 9 (12160427 -> 12160427 nodes, 11977989 ranks)
ALLOCATE FROM_TABLE: 0
COUNT NUMBER IN EACH BIN: 0
FINISHED FIRST ROUND: 0
124 4064439
124 4064280
124 4031708
FINISHED RECURSIVE SORTS: 0
BUILD TABLE: 0
BUILD INDEX: 0
COUNTED NEW NODES: 0
COUNTED TEMP NODES: 0
RESIZED NODES: 0
RESIZED NODES: 0
MADE NEW NODES: 0
MERGEUPDATERANK: 0
TOTAL TIME: 0
Generation 10 (12160427 -> 12160427 nodes, 12048977 ranks)
ALLOCATE FROM_TABLE: 0
COUNT NUMBER IN EACH BIN: 0
FINISHED FIRST ROUND: 1
124 4064439
124 4064280
124 4031708
FINISHED RECURSIVE SORTS: 0
BUILD TABLE: 1
BUILD INDEX: 0
COUNTED NEW NODES: 0
COUNTED TEMP NODES: 0
RESIZED NODES: 0
RESIZED NODES: 0
MADE NEW NODES: 0
MERGEUPDATERANK: 0
TOTAL TIME: 1
Generation 11 (12160427 -> 12160427 nodes, 12108935 ranks)
ALLOCATE FROM_TABLE: 0
COUNT NUMBER IN EACH BIN: 0
FINISHED FIRST ROUND: 0
124 4064439
124 4064280
124 4031708
FINISHED RECURSIVE SORTS: 0
BUILD TABLE: 0
BUILD INDEX: 0
COUNTED NEW NODES: 0
COUNTED TEMP NODES: 0
RESIZED NODES: 0
RESIZED NODES: 0
MADE NEW NODES: 0
MERGEUPDATERANK: 0
TOTAL TIME: 0
Generation 12 (12160427 -> 12160427 nodes, 12142557 ranks)
ALLOCATE FROM_TABLE: 0
COUNT NUMBER IN EACH BIN: 0
FINISHED FIRST ROUND: 1
124 4064439
124 4064280
124 4031708
FINISHED RECURSIVE SORTS: 0
BUILD TABLE: 1
BUILD INDEX: 0
COUNTED NEW NODES: 0
COUNTED TEMP NODES: 0
RESIZED NODES: 0
RESIZED NODES: 0
MADE NEW NODES: 0
MERGEUPDATERANK: 0
TOTAL TIME: 1
Generation 13 (12160427 -> 12160427 nodes, 12160243 ranks)
ALLOCATE FROM_TABLE: 0
COUNT NUMBER IN EACH BIN: 0
FINISHED FIRST ROUND: 0
124 4064439
124 4064280
124 4031708
FINISHED RECURSIVE SORTS: 0
BUILD TABLE: 0
BUILD INDEX: 0
COUNTED NEW NODES: 0
COUNTED TEMP NODES: 0
RESIZED NODES: 0
RESIZED NODES: 0
MADE NEW NODES: 0
MERGEUPDATERANK: 0
TOTAL TIME: 0
Generation 14 (12160427 -> 12160427 nodes, 12160427 ranks)
COUNT NUMBER IN EACH BIN: 0
FINISHED FIRST ROUND: 0
124 4064439
124 4064280
124 4031708
FINISHED RECURSIVE SORTS: 1
Generating edges... 
NODE.TO -> GENOME POS: 0
BUILD FROM_INDEX 0
COUNTED NEW EDGES: 0
MADE NEW EDGES: 0
COUNT NUMBER IN EACH BIN: 0
FINISHED FIRST ROUND: 0
109 1259612
131 1255826
132 1252102
FINISHED RECURSIVE SORTS: 0
COUNT NUMBER IN EACH BIN: 0
FINISHED FIRST ROUND: 0
114 779613
131 774218
127 767392
FINISHED RECURSIVE SORTS: 0
COUNT NUMBER IN EACH BIN: 0
FINISHED FIRST ROUND: 0
118 774850
120 773341
134 769636
FINISHED RECURSIVE SORTS: 0
COUNT NUMBER IN EACH BIN: 0
FINISHED FIRST ROUND: 0
149 1251514
115 1257521
108 1245091
FINISHED RECURSIVE SORTS: 0
SORTED NEW EDGES: 1
COUNT NUMBER IN EACH BIN: 0
FINISHED FIRST ROUND: 0
124 4063232
124 4063232
124 4033963
FINISHED RECURSIVE SORTS: 0
RE-SORTED NODES: 0
PROCESS EDGES: 0
REMOVE Y: 0
COUNT NUMBER IN EACH BIN: 0
FINISHED FIRST ROUND: 0
124 4063313
124 4063367
124 4034037
FINISHED RECURSIVE SORTS: 1
SORT, Make index: 1
TOTAL: 2
Allocating ftab, absorbFtab
Entering GFM loop
Exited GFM loop
fchr[A]: 0
fchr[C]: 3767540
fchr[G]: 6088763
fchr[T]: 8406590
fchr[$]: 12160716
Exiting GFM::buildToDisk()
Returning from initFromVector
Wrote 11679207 bytes to primary GFM file: reference/genome.1.ht2
Wrote 3040112 bytes to secondary GFM file: reference/genome.2.ht2
Re-opening _in1 and _in2 as input streams
Returning from GFM constructor
Returning from initFromVector
Wrote 7646629 bytes to primary GFM file: reference/genome.5.ht2
Wrote 3093012 bytes to secondary GFM file: reference/genome.6.ht2
Re-opening _in5 and _in5 as input streams
Returning from HGFM constructor
Headers:
    len: 12157105
    gbwtLen: 12160717
    nodes: 12160426
    sz: 6078553
    gbwtSz: 6080359
    lineRate: 7
    offRate: 4
    offMask: 0xfffffff0
    ftabChars: 10
    eftabLen: 0
    eftabSz: 0
    ftabLen: 1048577
    ftabSz: 4194308
    offsLen: 760027
    offsSz: 3040108
    lineSz: 128
    sideSz: 128
    sideGbwtSz: 104
    sideGbwtLen: 208
    numSides: 58465
    numLines: 58465
    gbwtTotLen: 7483520
    gbwtTotSz: 7483520
    reverse: 0
    linearFM: No
Total time for call to driver() for forward index: 00:00:38
